Mono path[0] = 'D:/Development/Facultate/Anu III/PAS/Proiect v2/Proiect_PAS_RL/Fotbal_RL_PAS/Builds/B40/Fotbal_RL_PAS_Data/Managed'
Mono config path = 'D:/Development/Facultate/Anu III/PAS/Proiect v2/Proiect_PAS_RL/Fotbal_RL_PAS/Builds/B40/MonoBleedingEdge/etc'
Input System module state changed to: Initialized.
[Physics::Module] Initialized fallback backend.
[Physics::Module] Id: 0xdecafbad
Loading player data from D:/Development/Facultate/Anu III/PAS/Proiect v2/Proiect_PAS_RL/Fotbal_RL_PAS/Builds/B40/Fotbal_RL_PAS_Data/data.unity3d
Initialize engine version: 6000.0.44f1 (101c91f3a8fb)
[Subsystems] Discovering subsystems at path D:/Development/Facultate/Anu III/PAS/Proiect v2/Proiect_PAS_RL/Fotbal_RL_PAS/Builds/B40/Fotbal_RL_PAS_Data/UnitySubsystems
GfxDevice: creating device client; kGfxThreadingModeNonThreaded
Direct3D:
    Version:  Direct3D 11.0 [level 11.1]
    Renderer: NVIDIA GeForce RTX 4070 Ti SUPER (ID=0x2705)
    Vendor:   NVIDIA
    VRAM:     16063 MB
    Driver:   32.0.15.7242
Begin MonoManager ReloadAssembly
- Loaded All Assemblies, in  3.796 seconds
- Finished resetting the current domain, in  0.002 seconds
[Physics::Module] Selected backend.
[Physics::Module] Name: PhysX
[Physics::Module] Id: 0xf2b8ea05
[Physics::Module] SDK Version: 4.1.2
[Physics::Module] Integration Version: 1.0.0
[Physics::Module] Threading Mode: Multi-Threaded
The referenced script on this Behaviour (Game Object 'Main Camera') is missing!
The referenced script on this Behaviour (Game Object 'Main Camera') is missing!
The referenced script on this Behaviour (Game Object 'Main Camera') is missing!
The referenced script on this Behaviour (Game Object 'Main Camera') is missing!
The referenced script on this Behaviour (Game Object 'Main Camera') is missing!
The referenced script on this Behaviour (Game Object 'Main Camera') is missing!
The referenced script on this Behaviour (Game Object 'Main Camera') is missing!
The referenced script on this Behaviour (Game Object 'Main Camera') is missing!
The referenced script on this Behaviour (Game Object 'Main Camera') is missing!
The referenced script on this Behaviour (Game Object 'Main Camera') is missing!
The referenced script on this Behaviour (Game Object 'Main Camera') is missing!
The referenced script on this Behaviour (Game Object 'Main Camera') is missing!
The referenced script on this Behaviour (Game Object 'Main Camera') is missing!
The referenced script on this Behaviour (Game Object 'Main Camera') is missing!
The referenced script on this Behaviour (Game Object 'Main Camera') is missing!
The referenced script on this Behaviour (Game Object 'Main Camera') is missing!
The referenced script on this Behaviour (Game Object 'Main Camera') is missing!
The referenced script on this Behaviour (Game Object 'Main Camera') is missing!
The referenced script on this Behaviour (Game Object 'Main Camera') is missing!
The referenced script on this Behaviour (Game Object 'Main Camera') is missing!
The referenced script on this Behaviour (Game Object 'Main Camera') is missing!
The referenced script on this Behaviour (Game Object 'Main Camera') is missing!
The referenced script on this Behaviour (Game Object 'Main Camera') is missing!
The referenced script on this Behaviour (Game Object 'Main Camera') is missing!
The referenced script on this Behaviour (Game Object 'Main Camera') is missing!
The referenced script on this Behaviour (Game Object 'Main Camera') is missing!
The referenced script on this Behaviour (Game Object 'Main Camera') is missing!
The referenced script on this Behaviour (Game Object 'Main Camera') is missing!
The referenced script on this Behaviour (Game Object 'Main Camera') is missing!
The referenced script on this Behaviour (Game Object 'Main Camera') is missing!
The referenced script on this Behaviour (Game Object 'Main Camera') is missing!
The referenced script on this Behaviour (Game Object 'Main Camera') is missing!
The referenced script on this Behaviour (Game Object 'Main Camera') is missing!
The referenced script on this Behaviour (Game Object 'Main Camera') is missing!
The referenced script on this Behaviour (Game Object 'Main Camera') is missing!
The referenced script on this Behaviour (Game Object 'Main Camera') is missing!
The referenced script on this Behaviour (Game Object 'Main Camera') is missing!
The referenced script on this Behaviour (Game Object 'Main Camera') is missing!
The referenced script on this Behaviour (Game Object 'Main Camera') is missing!
The referenced script on this Behaviour (Game Object 'Main Camera') is missing!
The referenced script on this Behaviour (Game Object 'Main Camera') is missing!
The referenced script on this Behaviour (Game Object 'Main Camera') is missing!
The referenced script on this Behaviour (Game Object 'Main Camera') is missing!
The referenced script on this Behaviour (Game Object 'Main Camera') is missing!
The referenced script on this Behaviour (Game Object 'Main Camera') is missing!
The referenced script on this Behaviour (Game Object 'Main Camera') is missing!
The referenced script on this Behaviour (Game Object 'Main Camera') is missing!
The referenced script on this Behaviour (Game Object 'Main Camera') is missing!
The referenced script on this Behaviour (Game Object 'Main Camera') is missing!
The referenced script on this Behaviour (Game Object 'Main Camera') is missing!
The referenced script on this Behaviour (Game Object 'Main Camera') is missing!
The referenced script on this Behaviour (Game Object 'Main Camera') is missing!
The referenced script on this Behaviour (Game Object 'Main Camera') is missing!
The referenced script on this Behaviour (Game Object 'Main Camera') is missing!
The referenced script on this Behaviour (Game Object 'Main Camera') is missing!
The referenced script on this Behaviour (Game Object 'Main Camera') is missing!
The referenced script on this Behaviour (Game Object 'Main Camera') is missing!
The referenced script on this Behaviour (Game Object 'Main Camera') is missing!
The referenced script on this Behaviour (Game Object 'Main Camera') is missing!
The referenced script on this Behaviour (Game Object 'Main Camera') is missing!
The referenced script on this Behaviour (Game Object 'Main Camera') is missing!
The referenced script on this Behaviour (Game Object 'Main Camera') is missing!
The referenced script on this Behaviour (Game Object 'Main Camera') is missing!
The referenced script on this Behaviour (Game Object 'Main Camera') is missing!
The referenced script on this Behaviour (Game Object 'Main Camera') is missing!
The referenced script on this Behaviour (Game Object 'Main Camera') is missing!
The referenced script on this Behaviour (Game Object 'Main Camera') is missing!
The referenced script on this Behaviour (Game Object 'Main Camera') is missing!
The referenced script on this Behaviour (Game Object 'Main Camera') is missing!
The referenced script on this Behaviour (Game Object 'Main Camera') is missing!
The referenced script on this Behaviour (Game Object 'Main Camera') is missing!
The referenced script on this Behaviour (Game Object 'Main Camera') is missing!
The referenced script on this Behaviour (Game Object 'Main Camera') is missing!
The referenced script on this Behaviour (Game Object 'Main Camera') is missing!
The referenced script on this Behaviour (Game Object 'Main Camera') is missing!
The referenced script on this Behaviour (Game Object 'Main Camera') is missing!
The referenced script on this Behaviour (Game Object 'Main Camera') is missing!
The referenced script on this Behaviour (Game Object 'Main Camera') is missing!
The referenced script on this Behaviour (Game Object 'Main Camera') is missing!
The referenced script on this Behaviour (Game Object 'Main Camera') is missing!
The referenced script on this Behaviour (Game Object 'Main Camera') is missing!
The referenced script on this Behaviour (Game Object 'Main Camera') is missing!
The referenced script on this Behaviour (Game Object 'Main Camera') is missing!
The referenced script on this Behaviour (Game Object 'Main Camera') is missing!
The referenced script on this Behaviour (Game Object 'Main Camera') is missing!
The referenced script on this Behaviour (Game Object 'Main Camera') is missing!
The referenced script on this Behaviour (Game Object 'Main Camera') is missing!
The referenced script on this Behaviour (Game Object 'Main Camera') is missing!
The referenced script on this Behaviour (Game Object 'Main Camera') is missing!
The referenced script on this Behaviour (Game Object 'Main Camera') is missing!
The referenced script on this Behaviour (Game Object 'Main Camera') is missing!
The referenced script on this Behaviour (Game Object 'Main Camera') is missing!
The referenced script on this Behaviour (Game Object 'Main Camera') is missing!
The referenced script on this Behaviour (Game Object 'Main Camera') is missing!
The referenced script on this Behaviour (Game Object 'Main Camera') is missing!
The referenced script on this Behaviour (Game Object 'Main Camera') is missing!
The referenced script on this Behaviour (Game Object 'Main Camera') is missing!
The referenced script on this Behaviour (Game Object 'Main Camera') is missing!
The referenced script on this Behaviour (Game Object 'Main Camera') is missing!
The referenced script on this Behaviour (Game Object 'Main Camera') is missing!
The referenced script on this Behaviour (Game Object 'Main Camera') is missing!
The referenced script on this Behaviour (Game Object 'Main Camera') is missing!
The referenced script on this Behaviour (Game Object 'Main Camera') is missing!
The referenced script on this Behaviour (Game Object 'Main Camera') is missing!
The referenced script on this Behaviour (Game Object 'Main Camera') is missing!
The referenced script on this Behaviour (Game Object 'Main Camera') is missing!
The referenced script on this Behaviour (Game Object 'Main Camera') is missing!
The referenced script on this Behaviour (Game Object 'Main Camera') is missing!
The referenced script on this Behaviour (Game Object 'Main Camera') is missing!
The referenced script on this Behaviour (Game Object 'Main Camera') is missing!
The referenced script on this Behaviour (Game Object 'Main Camera') is missing!
The referenced script on this Behaviour (Game Object 'Main Camera') is missing!
The referenced script on this Behaviour (Game Object 'Main Camera') is missing!
The referenced script on this Behaviour (Game Object 'Main Camera') is missing!
The referenced script on this Behaviour (Game Object 'Main Camera') is missing!
The referenced script on this Behaviour (Game Object 'Main Camera') is missing!
The referenced script on this Behaviour (Game Object 'Main Camera') is missing!
The referenced script on this Behaviour (Game Object 'Main Camera') is missing!
The referenced script on this Behaviour (Game Object 'Main Camera') is missing!
The referenced script on this Behaviour (Game Object 'Main Camera') is missing!
The referenced script on this Behaviour (Game Object 'Main Camera') is missing!
The referenced script on this Behaviour (Game Object 'Main Camera') is missing!
The referenced script on this Behaviour (Game Object 'Main Camera') is missing!
The referenced script on this Behaviour (Game Object 'Main Camera') is missing!
The referenced script on this Behaviour (Game Object 'Main Camera') is missing!
The referenced script on this Behaviour (Game Object 'Main Camera') is missing!
The referenced script on this Behaviour (Game Object 'Main Camera') is missing!
The referenced script on this Behaviour (Game Object 'Main Camera') is missing!
UnloadTime: 0.524700 ms
Registered Communicator in Agent.
Internal: deleting an allocation that is older than its permitted lifetime of 4 frames (age = 5)
Internal: deleting an allocation that is older than its permitted lifetime of 4 frames (age = 6)
Internal: deleting an allocation that is older than its permitted lifetime of 4 frames (age = 5)
Internal: deleting an allocation that is older than its permitted lifetime of 4 frames (age = 6)
